3667  23:21:22.835792 execve("./thread-ex", ["./thread-ex"], [/* 50 vars */]) = 0
3667  23:21:22.837058 brk(0)            = 0x2505000
3667  23:21:22.837277 mmap(NULL, 4096, PROT_READ|PROT_WRITE, MAP_PRIVATE|MAP_ANONYMOUS, -1, 0) = 0x7f7d6470b000
3667  23:21:22.837459 access("/etc/ld.so.preload", R_OK) = -1 ENOENT (No such file or directory)
3667  23:21:22.837670 open("/etc/ld.so.cache", O_RDONLY) = 3
3667  23:21:22.837890 fstat(3, {st_mode=S_IFREG|0644, st_size=139916, ...}) = 0
3667  23:21:22.838165 mmap(NULL, 139916, PROT_READ, MAP_PRIVATE, 3, 0) = 0x7f7d646e8000
3667  23:21:22.838360 close(3)          = 0
3667  23:21:22.838565 open("/lib64/libpthread.so.0", O_RDONLY) = 3
3667  23:21:22.838758 read(3, "\177ELF\2\1\1\3\0\0\0\0\0\0\0\0\3\0>\0\1\0\0\0\20\\`\3729\0\0\0"..., 832) = 832
3667  23:21:22.838959 fstat(3, {st_mode=S_IFREG|0755, st_size=141592, ...}) = 0
3667  23:21:22.839161 mmap(0x39fa600000, 2208672, PROT_READ|PROT_EXEC, MAP_PRIVATE|MAP_DENYWRITE, 3, 0) = 0x39fa600000
3667  23:21:22.839310 mprotect(0x39fa617000, 2093056, PROT_NONE) = 0
3667  23:21:22.839456 mmap(0x39fa816000, 8192, PROT_READ|PROT_WRITE, MAP_PRIVATE|MAP_FIXED|MAP_DENYWRITE, 3, 0x16000) = 0x39fa816000
3667  23:21:22.839621 mmap(0x39fa818000, 13216, PROT_READ|PROT_WRITE, MAP_PRIVATE|MAP_FIXED|MAP_ANONYMOUS, -1, 0) = 0x39fa818000
3667  23:21:22.839811 close(3)          = 0
3667  23:21:22.839961 open("/lib64/libc.so.6", O_RDONLY) = 3
3667  23:21:22.840105 read(3, "\177ELF\2\1\1\3\0\0\0\0\0\0\0\0\3\0>\0\1\0\0\0p\355\341\3719\0\0\0"..., 832) = 832
3667  23:21:22.840268 fstat(3, {st_mode=S_IFREG|0755, st_size=1838360, ...}) = 0
3667  23:21:22.840479 mmap(0x39f9e00000, 3664040, PROT_READ|PROT_EXEC, MAP_PRIVATE|MAP_DENYWRITE, 3, 0) = 0x39f9e00000
3667  23:21:22.840624 mprotect(0x39f9f75000, 2097152, PROT_NONE) = 0
3667  23:21:22.840802 mmap(0x39fa175000, 20480, PROT_READ|PROT_WRITE, MAP_PRIVATE|MAP_FIXED|MAP_DENYWRITE, 3, 0x175000) = 0x39fa175000
3667  23:21:22.841035 mmap(0x39fa17a000, 18600, PROT_READ|PROT_WRITE, MAP_PRIVATE|MAP_FIXED|MAP_ANONYMOUS, -1, 0) = 0x39fa17a000
3667  23:21:22.841243 close(3)          = 0
3667  23:21:22.841439 mmap(NULL, 4096, PROT_READ|PROT_WRITE, MAP_PRIVATE|MAP_ANONYMOUS, -1, 0) = 0x7f7d646e7000
3667  23:21:22.841665 mmap(NULL, 4096, PROT_READ|PROT_WRITE, MAP_PRIVATE|MAP_ANONYMOUS, -1, 0) = 0x7f7d646e6000
3667  23:21:22.841869 mmap(NULL, 4096, PROT_READ|PROT_WRITE, MAP_PRIVATE|MAP_ANONYMOUS, -1, 0) = 0x7f7d646e5000
3667  23:21:22.844337 arch_prctl(ARCH_SET_FS, 0x7f7d646e6700) = 0
3667  23:21:22.844622 mprotect(0x39fa175000, 16384, PROT_READ) = 0
3667  23:21:22.844792 mprotect(0x39fa816000, 4096, PROT_READ) = 0
3667  23:21:22.844945 mprotect(0x39f981e000, 4096, PROT_READ) = 0
3667  23:21:22.845063 munmap(0x7f7d646e8000, 139916) = 0
3667  23:21:22.845205 set_tid_address(0x7f7d646e69d0) = 3667
3667  23:21:22.845314 set_robust_list(0x7f7d646e69e0, 0x18) = 0
3667  23:21:22.845427 futex(0x7fffcae8820c, FUTEX_WAKE_PRIVATE, 1) = 0
3667  23:21:22.845546 futex(0x7fffcae8820c, FUTEX_WAIT_BITSET_PRIVATE|FUTEX_CLOCK_REALTIME, 1, NULL, 7f7d646e6700) = -1 EAGAIN (Resource temporarily unavailable)
3667  23:21:22.845689 rt_sigaction(SIGRTMIN, {0x39fa605a90, [], SA_RESTORER|SA_SIGINFO, 0x39fa60f440}, NULL, 8) = 0
3667  23:21:22.845873 rt_sigaction(SIGRT_1, {0x39fa605b20, [], SA_RESTORER|SA_RESTART|SA_SIGINFO, 0x39fa60f440}, NULL, 8) = 0
3667  23:21:22.846029 rt_sigprocmask(SIG_UNBLOCK, [RTMIN RT_1], NULL, 8) = 0
3667  23:21:22.846160 getrlimit(RLIMIT_STACK, {rlim_cur=10240*1024, rlim_max=RLIM_INFINITY}) = 0
3667  23:21:22.846404 mmap(NULL, 10489856, PROT_READ|PROT_WRITE, MAP_PRIVATE|MAP_ANONYMOUS|MAP_STACK, -1, 0) = 0x7f7d63ce4000
3667  23:21:22.846655 brk(0)            = 0x2505000
3667  23:21:22.846763 brk(0x2526000)    = 0x2526000
3667  23:21:22.846925 mprotect(0x7f7d63ce4000, 4096, PROT_NONE) = 0
3667  23:21:22.847062 clone(child_stack=0x7f7d646e3ff0, flags=CLONE_VM|CLONE_FS|CLONE_FILES|CLONE_SIGHAND|CLONE_THREAD|CLONE_SYSVSEM|CLONE_SETTLS|CLONE_PARENT_SETTID|CLONE_CHILD_CLEARTID, parent_tidptr=0x7f7d646e49e0, tls=0x7f7d646e4710, child_tidptr=0x7f7d646e49e0) = 3668
3667  23:21:22.847256 mmap(NULL, 10489856, PROT_READ|PROT_WRITE, MAP_PRIVATE|MAP_ANONYMOUS|MAP_STACK, -1, 0) = 0x7f7d632e3000
3667  23:21:22.847400 mprotect(0x7f7d632e3000, 4096, PROT_NONE) = 0
3667  23:21:22.847529 clone(child_stack=0x7f7d63ce2ff0, flags=CLONE_VM|CLONE_FS|CLONE_FILES|CLONE_SIGHAND|CLONE_THREAD|CLONE_SYSVSEM|CLONE_SETTLS|CLONE_PARENT_SETTID|CLONE_CHILD_CLEARTID, parent_tidptr=0x7f7d63ce39e0, tls=0x7f7d63ce3710, child_tidptr=0x7f7d63ce39e0) = 3669
3667  23:21:22.847693 mmap(NULL, 10489856, PROT_READ|PROT_WRITE, MAP_PRIVATE|MAP_ANONYMOUS|MAP_STACK, -1, 0) = 0x7f7d628e2000
3667  23:21:22.847851 mprotect(0x7f7d628e2000, 4096, PROT_NONE) = 0
3667  23:21:22.847988 clone(child_stack=0x7f7d632e1ff0, flags=CLONE_VM|CLONE_FS|CLONE_FILES|CLONE_SIGHAND|CLONE_THREAD|CLONE_SYSVSEM|CLONE_SETTLS|CLONE_PARENT_SETTID|CLONE_CHILD_CLEARTID, parent_tidptr=0x7f7d632e29e0, tls=0x7f7d632e2710, child_tidptr=0x7f7d632e29e0) = 3670
3667  23:21:22.848157 futex(0x7f7d646e49e0, FUTEX_WAIT, 3668, NULL <unfinished ...>
3669  23:21:22.848267 set_robust_list(0x7f7d63ce39f0, 0x18) = 0
3669  23:21:22.848416 fstat(1, {st_mode=S_IFCHR|0620, st_rdev=makedev(136, 3), ...}) = 0
3669  23:21:22.848594 mmap(NULL, 4096, PROT_READ|PROT_WRITE, MAP_PRIVATE|MAP_ANONYMOUS, -1, 0) = 0x7f7d6470a000
3669  23:21:22.848753 write(1, "Thread 2 says Hi! \n", 19) = 19
3669  23:21:22.848949 rt_sigprocmask(SIG_BLOCK, [CHLD], [], 8) = 0
3669  23:21:22.849084 rt_sigaction(SIGCHLD, NULL, {SIG_DFL, [], 0}, 8) = 0
3669  23:21:22.849235 rt_sigprocmask(SIG_SETMASK, [], NULL, 8) = 0
3669  23:21:22.849353 nanosleep({1, 0},  <unfinished ...>
3668  23:21:22.849471 set_robust_list(0x7f7d646e49f0, 0x18) = 0
3668  23:21:22.849590 futex(0x600d80, FUTEX_WAIT_PRIVATE, 2, NULL <unfinished ...>
3670  23:21:22.850095 set_robust_list(0x7f7d632e29f0, 0x18) = 0
3670  23:21:22.850358 futex(0x600d80, FUTEX_WAIT_PRIVATE, 2, NULL <unfinished ...>
3669  23:21:23.849628 <... nanosleep resumed> 0x7f7d63ce2e50) = 0
3669  23:21:23.849804 write(1, "Thread 2 says Hi! \n", 19) = 19
3669  23:21:23.850038 futex(0x600d80, FUTEX_WAKE_PRIVATE, 1) = 1
3668  23:21:23.850173 <... futex resumed> ) = 0
3669  23:21:23.850252 open("/etc/ld.so.cache", O_RDONLY <unfinished ...>
3668  23:21:23.850341 write(1, "Thread 1 says Hello! \n", 22 <unfinished ...>
3669  23:21:23.850416 <... open resumed> ) = 3
3668  23:21:23.850468 <... write resumed> ) = 22
3669  23:21:23.850524 fstat(3,  <unfinished ...>
3668  23:21:23.850584 rt_sigprocmask(SIG_BLOCK, [CHLD],  <unfinished ...>
3669  23:21:23.850645 <... fstat resumed> {st_mode=S_IFREG|0644, st_size=139916, ...}) = 0
3668  23:21:23.850758 <... rt_sigprocmask resumed> [], 8) = 0
3669  23:21:23.850850 mmap(NULL, 139916, PROT_READ, MAP_PRIVATE, 3, 0 <unfinished ...>
3668  23:21:23.850914 rt_sigaction(SIGCHLD, NULL,  <unfinished ...>
3669  23:21:23.850965 <... mmap resumed> ) = 0x7f7d628bf000
3668  23:21:23.851015 <... rt_sigaction resumed> {SIG_DFL, [], 0}, 8) = 0
3669  23:21:23.851104 close(3 <unfinished ...>
3668  23:21:23.851161 rt_sigprocmask(SIG_SETMASK, [],  <unfinished ...>
3669  23:21:23.851215 <... close resumed> ) = 0
3668  23:21:23.851263 <... rt_sigprocmask resumed> NULL, 8) = 0
3669  23:21:23.851321 open("/lib64/libgcc_s.so.1", O_RDONLY <unfinished ...>
3668  23:21:23.851386 nanosleep({1, 0},  <unfinished ...>
3669  23:21:23.851442 <... open resumed> ) = 3
3669  23:21:23.851521 read(3, "\177ELF\2\1\1\3\0\0\0\0\0\0\0\0\3\0>\0\1\0\0\0\20)\340\0:\0\0\0"..., 832) = 832
3669  23:21:23.851745 mmap(NULL, 134217728, PROT_NONE, MAP_PRIVATE|MAP_ANONYMOUS|MAP_NORESERVE, -1, 0) = 0x7f7d5a8bf000
3669  23:21:23.851951 munmap(0x7f7d5a8bf000, 24383488) = 0
3669  23:21:23.852346 munmap(0x7f7d60000000, 42725376) = 0
3669  23:21:23.852475 mprotect(0x7f7d5c000000, 135168, PROT_READ|PROT_WRITE) = 0
3669  23:21:23.852752 fstat(3, {st_mode=S_IFREG|0755, st_size=93320, ...}) = 0
3669  23:21:23.853045 mmap(0x3a00e00000, 2186584, PROT_READ|PROT_EXEC, MAP_PRIVATE|MAP_DENYWRITE, 3, 0) = 0x3a00e00000
3669  23:21:23.853276 mprotect(0x3a00e16000, 2093056, PROT_NONE) = 0
3669  23:21:23.853531 mmap(0x3a01015000, 4096, PROT_READ|PROT_WRITE, MAP_PRIVATE|MAP_FIXED|MAP_DENYWRITE, 3, 0x15000) = 0x3a01015000
3669  23:21:23.853727 close(3)          = 0
3669  23:21:23.853932 munmap(0x7f7d628bf000, 139916) = 0
3669  23:21:23.854174 futex(0x3a01015af0, FUTEX_WAKE_PRIVATE, 2147483647) = 0
3669  23:21:23.854352 madvise(0x7f7d632e3000, 10465280, MADV_DONTNEED) = 0
3669  23:21:23.854493 _exit(0)          = ?
3668  23:21:24.851681 <... nanosleep resumed> 0x7f7d646e3e50) = 0
3668  23:21:24.851873 write(1, "Thread 1 says Hello! \n", 22) = 22
3668  23:21:24.852132 futex(0x600d80, FUTEX_WAKE_PRIVATE, 1 <unfinished ...>
3670  23:21:24.852248 <... futex resumed> ) = 0
3668  23:21:24.852299 <... futex resumed> ) = 1
3670  23:21:24.852355 write(1, "Thread 3 says Fun! \n", 20 <unfinished ...>
3668  23:21:24.852422 madvise(0x7f7d63ce4000, 10465280, MADV_DONTNEED <unfinished ...>
3670  23:21:24.852470 <... write resumed> ) = 20
3668  23:21:24.852518 <... madvise resumed> ) = 0
3670  23:21:24.852574 rt_sigprocmask(SIG_BLOCK, [CHLD],  <unfinished ...>
3668  23:21:24.852638 _exit(0)          = ?
3670  23:21:24.852691 <... rt_sigprocmask resumed> [], 8) = 0
3670  23:21:24.852791 rt_sigaction(SIGCHLD, NULL,  <unfinished ...>
3667  23:21:24.852862 <... futex resumed> ) = 0
3670  23:21:24.852911 <... rt_sigaction resumed> {SIG_DFL, [], 0}, 8) = 0
3667  23:21:24.853009 futex(0x7f7d632e29e0, FUTEX_WAIT, 3670, NULL <unfinished ...>
3670  23:21:24.853069 rt_sigprocmask(SIG_SETMASK, [], NULL, 8) = 0
3670  23:21:24.853212 nanosleep({1, 0}, 0x7f7d632e1e50) = 0
3670  23:21:25.853605 write(1, "Thread 3 says Fun! \n", 20) = 20
3670  23:21:25.853883 futex(0x600d80, FUTEX_WAKE_PRIVATE, 1) = 0
3670  23:21:25.854128 madvise(0x7f7d628e2000, 10465280, MADV_DONTNEED) = 0
3670  23:21:25.854296 _exit(0)          = ?
3667  23:21:25.854410 <... futex resumed> ) = 0
3667  23:21:25.854548 exit_group(0)     = ?
